ber1434
16
Anaconda3 version 2021.05
Successfully loading input and structure ...
Molecular dynamics simulation of the initial structure ...
istep KMC: 0
There are 1 defects before the point defect reduction.
The ground energy is -64200.046 eV at 0 KMC step!
There are 1 defects (active volumes) in data at 0 KMC step!
The fractional coords of the defect center are [0.5 0.5 0.5] at 0 KMC step!

Processing the 0 task - idav: 0 idsps: 0.
Traceback (most recent call last):
  File "/lustre/isaac24/scratch/tliang7/MLIPs/FeHHe/Evaluations/INPUTs/Seakmcs_paper/Convert_MD2VASP/FeHe_Gao/1V1He/run_seakmc_p.py", line 21, in <module>
    main()
  File "/lustre/isaac24/scratch/tliang7/MLIPs/FeHHe/Evaluations/INPUTs/Seakmcs_paper/Convert_MD2VASP/FeHe_Gao/1V1He/run_seakmc_p.py", line 16, in main
    simulation_time = runseakmc.run_seakmc(thissett, seakmcdata, object_dict, Eground, thisRestart)
                      ^^^^^^^^^^^^^^^^^^^^^^^^^^^^^^^^^^^^^^^^^^^^^^^^^^^^^^^^^^^^^^^^^^^^^^^^^^^^^
  File "/lustre/isaac24/scratch/tliang7/myVenvs/myvenv/lib/python3.12/site-packages/seakmc_p/process/Process.py", line 107, in run_seakmc
    DataSPs, AVitags, df_delete_SPs = dataSPS.data_find_saddlepoints(istep, thissett, seakmcdata, DefectBank_list,
                                      ^^^^^^^^^^^^^^^^^^^^^^^^^^^^^^^^^^^^^^^^^^^^^^^^^^^^^^^^^^^^^^^^^^^^^^^^^^^^
  File "/lustre/isaac24/scratch/tliang7/myVenvs/myvenv/lib/python3.12/site-packages/seakmc_p/datasps/DataSPS.py", line 1102, in data_find_saddlepoints
    DataSPs, AVitags, df_delete_SPs = data_SPS_parrallel(nproc_task, start_proc, ntask_time, thiscolor,
                                      ^^^^^^^^^^^^^^^^^^^^^^^^^^^^^^^^^^^^^^^^^^^^^^^^^^^^^^^^^^^^^^^^^
  File "/lustre/isaac24/scratch/tliang7/myVenvs/myvenv/lib/python3.12/site-packages/seakmc_p/datasps/DataSPS.py", line 484, in data_SPS_parrallel
    thisDataSPs, AVitags, df_delete_SPs = master_data_SPS(ntask_tot, nproc_task, ntask_time,
                                          ^^^^^^^^^^^^^^^^^^^^^^^^^^^^^^^^^^^^^^^^^^^^^^^^^^
  File "/lustre/isaac24/scratch/tliang7/myVenvs/myvenv/lib/python3.12/site-packages/seakmc_p/datasps/DataSPS.py", line 217, in master_data_SPS
    thisDataSPs, AVitags, df_delete_SPs = AV_is_done(idav, iav, idsps, ticav_l, thisAV_l, AVstring_l,
                                          ^^^^^^^^^^^^^^^^^^^^^^^^^^^^^^^^^^^^^^^^^^^^^^^^^^^^^^^^^^^
  File "/lustre/isaac24/scratch/tliang7/myVenvs/myvenv/lib/python3.12/site-packages/seakmc_p/datasps/DataSPS.py", line 65, in AV_is_done
    Dataout.visualize_AV_SPs(thissett.visual, seakmcdata, AVitags, thisAV_l[iav], thisSPS_l[iav], istep, idav,
  File "/lustre/isaac24/scratch/tliang7/myVenvs/myvenv/lib/python3.12/site-packages/seakmc_p/general/DataOut.py", line 41, in visualize_AV_SPs
    thisAV.Write_AV(filename, Fixed=Vsett["ShowFixed"])
    ^^^^^^^^^^^^^^^
AttributeError: 'ActiveVolume' object has no attribute 'Write_AV'. Did you mean: 'Write_AVs'?
srun: error: ber1434: task 0: Exited with exit code 1
srun: Job step aborted: Waiting up to 32 seconds for job step to finish.
slurmstepd: error: *** JOB 4355136 ON ber1434 CANCELLED AT 2025-09-09T11:44:01 ***
slurmstepd: error: *** STEP 4355136.0 ON ber1434 CANCELLED AT 2025-09-09T11:44:01 ***
