ber1434
16
Anaconda3 version 2021.05
Successfully loading input and structure ...
Molecular dynamics simulation of the initial structure ...
istep KMC: 0
There are 1 defects before the point defect reduction.
The ground energy is -64200.046 eV at 0 KMC step!
There are 1 defects (active volumes) in data at 0 KMC step!
The fractional coords of the defect center are [0.5 0.5 0.5] at 0 KMC step!

Processing the 0 task - idav: 0 idsps: 0.

ActVol ID: 0 nactive:531 nbuffer:78 nfixed:3230
AV center fractional coords: (0.49995, 0.49995, 0.49995)
idAV:0, idsps:11,  ntrans: 194,  barrier:2.382,  ebias: 2.303
      dmag:3.116, dmagFin:3.306, isConnect: True
      Valid SPs: 1, num of SPs:1, time: 39.668 s
-----------------------------------------------------------------
idAV:0, idsps:8,  ntrans: 207,  barrier:2.382,  ebias: 2.303
      dmag:3.116, dmagFin:3.306, isConnect: True
      Valid SPs: 2, num of SPs:2, time: 41.244 s
-----------------------------------------------------------------
idAV:0, idsps:0,  ntrans: 209,  barrier:2.382,  ebias: 2.303
      dmag:3.116, dmagFin:3.306, isConnect: True
      Valid SPs: 3, num of SPs:3, time: 41.59 s
-----------------------------------------------------------------
idAV:0, idsps:1,  ntrans: 243,  barrier:2.382,  ebias: 2.303
      dmag:3.116, dmagFin:3.306, isConnect: True
      Valid SPs: 4, num of SPs:4, time: 48.243 s
-----------------------------------------------------------------
idAV:0, idsps:4,  ntrans: 354,  barrier:2.382,  ebias: 2.303
      dmag:3.116, dmagFin:3.306, isConnect: True
      Valid SPs: 5, num of SPs:5, time: 71.843 s
-----------------------------------------------------------------
idAV:0, idsps:12,  ntrans: 500,  barrier:20.0,  ebias: 20.0
      dmag:4.096, dmagFin:4.096, isConnect: False
      Valid SPs: 5, num of SPs:5, time: 99.623 s
-----------------------------------------------------------------
idAV:0, idsps:5,  ntrans: 500,  barrier:20.0,  ebias: 20.0
      dmag:4.342, dmagFin:4.342, isConnect: False
      Valid SPs: 5, num of SPs:5, time: 100.677 s
-----------------------------------------------------------------
idAV:0, idsps:3,  ntrans: 500,  barrier:20.0,  ebias: 20.0
      dmag:4.254, dmagFin:4.254, isConnect: False
      Valid SPs: 5, num of SPs:5, time: 102.51 s
-----------------------------------------------------------------
idAV:0, idsps:2,  ntrans: 500,  barrier:20.0,  ebias: 20.0
      dmag:4.607, dmagFin:4.607, isConnect: False
      Valid SPs: 5, num of SPs:5, time: 102.863 s
-----------------------------------------------------------------
idAV:0, idsps:10,  ntrans: 500,  barrier:20.0,  ebias: 20.0
      dmag:6.332, dmagFin:6.332, isConnect: False
      Valid SPs: 5, num of SPs:5, time: 103.972 s
-----------------------------------------------------------------
idAV:0, idsps:9,  ntrans: 500,  barrier:20.0,  ebias: 20.0
      dmag:3.983, dmagFin:3.983, isConnect: False
      Valid SPs: 5, num of SPs:5, time: 103.99 s
-----------------------------------------------------------------
idAV:0, idsps:7,  ntrans: 500,  barrier:20.0,  ebias: 20.0
      dmag:4.626, dmagFin:4.626, isConnect: False
      Valid SPs: 5, num of SPs:5, time: 104.239 s
-----------------------------------------------------------------
idAV:0, idsps:6,  ntrans: 500,  barrier:20.0,  ebias: 20.0
      dmag:4.352, dmagFin:4.352, isConnect: False
      Valid SPs: 5, num of SPs:5, time: 104.301 s
-----------------------------------------------------------------
idAV:0, idsps:13,  ntrans: 500,  barrier:20.0,  ebias: 20.0
      dmag:6.616, dmagFin:6.616, isConnect: False
      Valid SPs: 5, num of SPs:5, time: 104.368 s
-----------------------------------------------------------------
idAV:0, idsps:14,  ntrans: 500,  barrier:20.0,  ebias: 20.0
      dmag:4.381, dmagFin:4.381, isConnect: False
      Valid SPs: 5, num of SPs:5, time: 104.732 s
-----------------------------------------------------------------
idAV:0, idsps:15,  ntrans: 500,  barrier:20.0,  ebias: 20.0
      dmag:6.762, dmagFin:6.762, isConnect: False
      Valid SPs: 5, num of SPs:5, time: 103.156 s
-----------------------------------------------------------------
Found 5 saddle points in 0 active volume!
-----------------------------------------------------------------
Total time for 0 active volume: 143.419 s
-----------------------------------------------------------------

In KMC step ...
Current basin info at 0 KMC step - ID:0 Number of saddle points:5 ID of selection:[3]
                  Selected event - Barrier:2.382 Backward barrier:0.079
-----------------------------------------------------------------
Relaxing the structure ...
KMC 0th step is finished.
Time step for 0 KMC step: 237046200168782.8 ps
Summed time steps after 0 KMC step: 237046200168782.8 ps
Real time cost for 0 KMC step: 146.196 s
===================================================================

Total KMC time steps for this simulation: 237046200168782.8 ps
Real time cost for this simulation:184.555 s
===================================================================
