ber1434
16
Anaconda3 version 2021.05
Successfully loading input and structure ...
Molecular dynamics simulation of the initial structure ...
istep KMC: 0
There are 1 defects before the point defect reduction.
The ground energy is -64200.046 eV at 0 KMC step!
There are 1 defects (active volumes) in data at 0 KMC step!
The fractional coords of the defect center are [0.5 0.5 0.5] at 0 KMC step!

Processing the 0 task - idav: 0 idsps: 0.

ActVol ID: 0 nactive:531 nbuffer:78 nfixed:3230
AV center fractional coords: (0.49995, 0.49995, 0.49995)
idAV:0, idsps:7,  ntrans: 192,  barrier:2.382,  ebias: 2.303
      dmag:3.116, dmagFin:3.306, isConnect: True
      Valid SPs: 1, num of SPs:1, time: 39.578 s
-----------------------------------------------------------------
idAV:0, idsps:12,  ntrans: 211,  barrier:2.382,  ebias: 2.303
      dmag:3.116, dmagFin:3.306, isConnect: True
      Valid SPs: 2, num of SPs:2, time: 41.931 s
-----------------------------------------------------------------
idAV:0, idsps:3,  ntrans: 223,  barrier:2.382,  ebias: 2.303
      dmag:3.116, dmagFin:3.306, isConnect: True
      Valid SPs: 3, num of SPs:3, time: 44.819 s
-----------------------------------------------------------------
idAV:0, idsps:14,  ntrans: 238,  barrier:2.382,  ebias: 2.303
      dmag:3.116, dmagFin:3.306, isConnect: True
      Valid SPs: 4, num of SPs:4, time: 47.098 s
-----------------------------------------------------------------
idAV:0, idsps:9,  ntrans: 234,  barrier:2.382,  ebias: 2.303
      dmag:3.116, dmagFin:3.306, isConnect: True
      Valid SPs: 4, num of SPs:4, time: 47.44 s
-----------------------------------------------------------------
idAV:0, idsps:6,  ntrans: 239,  barrier:2.382,  ebias: 2.303
      dmag:3.116, dmagFin:3.306, isConnect: True
      Valid SPs: 5, num of SPs:5, time: 48.253 s
-----------------------------------------------------------------
idAV:0, idsps:11,  ntrans: 308,  barrier:2.382,  ebias: 2.303
      dmag:3.116, dmagFin:3.306, isConnect: True
      Valid SPs: 6, num of SPs:6, time: 62.866 s
-----------------------------------------------------------------
idAV:0, idsps:15,  ntrans: 222,  barrier:2.382,  ebias: 2.303
      dmag:3.116, dmagFin:3.306, isConnect: True
      Valid SPs: 7, num of SPs:7, time: 45.562 s
-----------------------------------------------------------------
idAV:0, idsps:1,  ntrans: 496,  barrier:2.382,  ebias: 2.303
      dmag:3.116, dmagFin:3.306, isConnect: True
      Valid SPs: 8, num of SPs:8, time: 100.31 s
-----------------------------------------------------------------
idAV:0, idsps:0,  ntrans: 531,  barrier:6.192,  ebias: 6.011
      dmag:4.245, dmagFin:4.597, isConnect: False
      Valid SPs: 9, num of SPs:9, time: 105.184 s
-----------------------------------------------------------------
idAV:0, idsps:2,  ntrans: 599,  barrier:6.578,  ebias: 6.341
      dmag:4.486, dmagFin:4.902, isConnect: False
      Valid SPs: 10, num of SPs:10, time: 120.744 s
-----------------------------------------------------------------
idAV:0, idsps:8,  ntrans: 660,  barrier:5.894,  ebias: 5.323
      dmag:4.133, dmagFin:4.613, isConnect: False
      Valid SPs: 11, num of SPs:11, time: 134.553 s
-----------------------------------------------------------------
idAV:0, idsps:5,  ntrans: 661,  barrier:7.832,  ebias: 7.538
      dmag:4.744, dmagFin:5.222, isConnect: False
      Valid SPs: 12, num of SPs:12, time: 135.487 s
-----------------------------------------------------------------
idAV:0, idsps:10,  ntrans: 752,  barrier:5.528,  ebias: 5.267
      dmag:4.118, dmagFin:4.605, isConnect: False
      Valid SPs: 13, num of SPs:13, time: 150.659 s
-----------------------------------------------------------------
idAV:0, idsps:4,  ntrans: 742,  barrier:5.802,  ebias: 5.518
      dmag:4.457, dmagFin:4.756, isConnect: False
      Valid SPs: 14, num of SPs:14, time: 151.39 s
-----------------------------------------------------------------
idAV:0, idsps:13,  ntrans: 984,  barrier:6.227,  ebias: 6.218
      dmag:3.954, dmagFin:3.99, isConnect: False
      Valid SPs: 15, num of SPs:15, time: 199.593 s
-----------------------------------------------------------------
Found 8 saddle points in 0 active volume!
-----------------------------------------------------------------
Total time for 0 active volume: 200.221 s
-----------------------------------------------------------------

In KMC step ...
Current basin info at 0 KMC step - ID:0 Number of saddle points:8 ID of selection:[4]
                  Selected event - Barrier:2.382 Backward barrier:0.079
-----------------------------------------------------------------
Relaxing the structure ...
KMC 0th step is finished.
Time step for 0 KMC step: 61477897306748.62 ps
Summed time steps after 0 KMC step: 61477897306748.62 ps
Real time cost for 0 KMC step: 203.604 s
===================================================================

Total KMC time steps for this simulation: 61477897306748.62 ps
Real time cost for this simulation:244.768 s
===================================================================
